Archive member included to satisfy reference by file (symbol)

C:/PROGRA~2/Arm GNU Toolchain arm-none-eabi/14.2 rel1/bin/../lib/gcc/arm-none-eabi/14.2.1/thumb/v7e-m+fp/hard\libc_nano.a(libc_a-exit.o)
                              C:/PROGRA~2/Arm GNU Toolchain arm-none-eabi/14.2 rel1/bin/../lib/gcc/arm-none-eabi/14.2.1/thumb/v7e-m+fp/hard/crt0.o (exit)
C:/PROGRA~2/Arm GNU Toolchain arm-none-eabi/14.2 rel1/bin/../lib/gcc/arm-none-eabi/14.2.1/thumb/v7e-m+fp/hard\libc_nano.a(libc_a-findfp.o)
                              C:/PROGRA~2/Arm GNU Toolchain arm-none-eabi/14.2 rel1/bin/../lib/gcc/arm-none-eabi/14.2.1/thumb/v7e-m+fp/hard\libc_nano.a(libc_a-exit.o) (__stdio_exit_handler)
C:/PROGRA~2/Arm GNU Toolchain arm-none-eabi/14.2 rel1/bin/../lib/gcc/arm-none-eabi/14.2.1/thumb/v7e-m+fp/hard\libc_nano.a(libc_a-fwalk.o)
                              C:/PROGRA~2/Arm GNU Toolchain arm-none-eabi/14.2 rel1/bin/../lib/gcc/arm-none-eabi/14.2.1/thumb/v7e-m+fp/hard\libc_nano.a(libc_a-findfp.o) (_fwalk_sglue)
C:/PROGRA~2/Arm GNU Toolchain arm-none-eabi/14.2 rel1/bin/../lib/gcc/arm-none-eabi/14.2.1/thumb/v7e-m+fp/hard\libc_nano.a(libc_a-stdio.o)
                              C:/PROGRA~2/Arm GNU Toolchain arm-none-eabi/14.2 rel1/bin/../lib/gcc/arm-none-eabi/14.2.1/thumb/v7e-m+fp/hard\libc_nano.a(libc_a-findfp.o) (__sread)
C:/PROGRA~2/Arm GNU Toolchain arm-none-eabi/14.2 rel1/bin/../lib/gcc/arm-none-eabi/14.2.1/thumb/v7e-m+fp/hard\libc_nano.a(libc_a-memset.o)
                              C:/PROGRA~2/Arm GNU Toolchain arm-none-eabi/14.2 rel1/bin/../lib/gcc/arm-none-eabi/14.2.1/thumb/v7e-m+fp/hard/crt0.o (memset)
C:/PROGRA~2/Arm GNU Toolchain arm-none-eabi/14.2 rel1/bin/../lib/gcc/arm-none-eabi/14.2.1/thumb/v7e-m+fp/hard\libc_nano.a(libc_a-closer.o)
                              C:/PROGRA~2/Arm GNU Toolchain arm-none-eabi/14.2 rel1/bin/../lib/gcc/arm-none-eabi/14.2.1/thumb/v7e-m+fp/hard\libc_nano.a(libc_a-stdio.o) (_close_r)
C:/PROGRA~2/Arm GNU Toolchain arm-none-eabi/14.2 rel1/bin/../lib/gcc/arm-none-eabi/14.2.1/thumb/v7e-m+fp/hard\libc_nano.a(libc_a-reent.o)
                              C:/PROGRA~2/Arm GNU Toolchain arm-none-eabi/14.2 rel1/bin/../lib/gcc/arm-none-eabi/14.2.1/thumb/v7e-m+fp/hard\libc_nano.a(libc_a-closer.o) (errno)
C:/PROGRA~2/Arm GNU Toolchain arm-none-eabi/14.2 rel1/bin/../lib/gcc/arm-none-eabi/14.2.1/thumb/v7e-m+fp/hard\libc_nano.a(libc_a-impure.o)
                              C:/PROGRA~2/Arm GNU Toolchain arm-none-eabi/14.2 rel1/bin/../lib/gcc/arm-none-eabi/14.2.1/thumb/v7e-m+fp/hard\libc_nano.a(libc_a-reent.o) (_impure_ptr)
C:/PROGRA~2/Arm GNU Toolchain arm-none-eabi/14.2 rel1/bin/../lib/gcc/arm-none-eabi/14.2.1/thumb/v7e-m+fp/hard\libc_nano.a(libc_a-lseekr.o)
                              C:/PROGRA~2/Arm GNU Toolchain arm-none-eabi/14.2 rel1/bin/../lib/gcc/arm-none-eabi/14.2.1/thumb/v7e-m+fp/hard\libc_nano.a(libc_a-stdio.o) (_lseek_r)
C:/PROGRA~2/Arm GNU Toolchain arm-none-eabi/14.2 rel1/bin/../lib/gcc/arm-none-eabi/14.2.1/thumb/v7e-m+fp/hard\libc_nano.a(libc_a-readr.o)
                              C:/PROGRA~2/Arm GNU Toolchain arm-none-eabi/14.2 rel1/bin/../lib/gcc/arm-none-eabi/14.2.1/thumb/v7e-m+fp/hard\libc_nano.a(libc_a-stdio.o) (_read_r)
C:/PROGRA~2/Arm GNU Toolchain arm-none-eabi/14.2 rel1/bin/../lib/gcc/arm-none-eabi/14.2.1/thumb/v7e-m+fp/hard\libc_nano.a(libc_a-writer.o)
                              C:/PROGRA~2/Arm GNU Toolchain arm-none-eabi/14.2 rel1/bin/../lib/gcc/arm-none-eabi/14.2.1/thumb/v7e-m+fp/hard\libc_nano.a(libc_a-stdio.o) (_write_r)
C:/PROGRA~2/Arm GNU Toolchain arm-none-eabi/14.2 rel1/bin/../lib/gcc/arm-none-eabi/14.2.1/thumb/v7e-m+fp/hard\libc_nano.a(libc_a-init.o)
                              C:/PROGRA~2/Arm GNU Toolchain arm-none-eabi/14.2 rel1/bin/../lib/gcc/arm-none-eabi/14.2.1/thumb/v7e-m+fp/hard/crt0.o (__libc_init_array)
C:/PROGRA~2/Arm GNU Toolchain arm-none-eabi/14.2 rel1/bin/../lib/gcc/arm-none-eabi/14.2.1/thumb/v7e-m+fp/hard\libc_nano.a(libc_a-lock.o)
                              C:/PROGRA~2/Arm GNU Toolchain arm-none-eabi/14.2 rel1/bin/../lib/gcc/arm-none-eabi/14.2.1/thumb/v7e-m+fp/hard\libc_nano.a(libc_a-findfp.o) (__retarget_lock_init_recursive)
C:/PROGRA~2/Arm GNU Toolchain arm-none-eabi/14.2 rel1/bin/../lib/gcc/arm-none-eabi/14.2.1/thumb/v7e-m+fp/hard\libc_nano.a(libc_a-freer.o)
                              C:/PROGRA~2/Arm GNU Toolchain arm-none-eabi/14.2 rel1/bin/../lib/gcc/arm-none-eabi/14.2.1/thumb/v7e-m+fp/hard\libc_nano.a(libc_a-reent.o) (_free_r)
C:/PROGRA~2/Arm GNU Toolchain arm-none-eabi/14.2 rel1/bin/../lib/gcc/arm-none-eabi/14.2.1/thumb/v7e-m+fp/hard\libc_nano.a(libc_a-mallocr.o)
                              C:/PROGRA~2/Arm GNU Toolchain arm-none-eabi/14.2 rel1/bin/../lib/gcc/arm-none-eabi/14.2.1/thumb/v7e-m+fp/hard\libc_nano.a(libc_a-findfp.o) (_malloc_r)
C:/PROGRA~2/Arm GNU Toolchain arm-none-eabi/14.2 rel1/bin/../lib/gcc/arm-none-eabi/14.2.1/thumb/v7e-m+fp/hard\libc_nano.a(libc_a-mlock.o)
[...]
Memory Configuration

Name             Origin             Length             Attributes
RAM              0x20000000         0x00020000         xrw
CCMRAM           0x10000000         0x00010000         xrw
FLASH            0x08000000         0x00100000         xr
*default*        0x00000000         0xffffffff

Linker script and memory map

LOAD C:/PROGRA~2/Arm GNU Toolchain arm-none-eabi/14.2 rel1/bin/../lib/gcc/arm-none-eabi/14.2.1/thumb/v7e-m+fp/hard/crti.o
LOAD C:/PROGRA~2/Arm GNU Toolchain arm-none-eabi/14.2 rel1/bin/../lib/gcc/arm-none-eabi/14.2.1/thumb/v7e-m+fp/hard/crtbegin.o
LOAD C:/PROGRA~2/Arm GNU Toolchain arm-none-eabi/14.2 rel1/bin/../lib/gcc/arm-none-eabi/14.2.1/thumb/v7e-m+fp/hard/crt0.o
START GROUP
LOAD C:/PROGRA~2/Arm GNU Toolchain arm-none-eabi/14.2 rel1/bin/../lib/gcc/arm-none-eabi/14.2.1/thumb/v7e-m+fp/hard\libc_nano.a
LOAD C:/PROGRA~2/Arm GNU Toolchain arm-none-eabi/14.2 rel1/bin/../lib/gcc/arm-none-eabi/14.2.1/thumb/v7e-m+fp/hard\libm.a
END GROUP
LOAD CMakeFiles/RESS_LOGGER.dir/Core/Src/main.c.obj
LOAD CMakeFiles/RESS_LOGGER.dir/Core/Src/gpio.c.obj
LOAD CMakeFiles/RESS_LOGGER.dir/Core/Src/i2c.c.obj
LOAD CMakeFiles/RESS_LOGGER.dir/Core/Src/sdio.c.obj
LOAD CMakeFiles/RESS_LOGGER.dir/Core/Src/spi.c.obj
LOAD CMakeFiles/RESS_LOGGER.dir/Core/Src/usart.c.obj
LOAD CMakeFiles/RESS_LOGGER.dir/Core/Src/stm32f4xx_it.c.obj
LOAD CMakeFiles/RESS_LOGGER.dir/Core/Src/stm32f4xx_hal_msp.c.obj
LOAD CMakeFiles/RESS_LOGGER.dir/Drivers/STM32F4xx_HAL_Driver/Src/stm32f4xx_hal_i2c.c.obj
LOAD CMakeFiles/RESS_LOGGER.dir/Drivers/STM32F4xx_HAL_Driver/Src/stm32f4xx_hal_i2c_ex.c.obj
LOAD CMakeFiles/RESS_LOGGER.dir/Drivers/STM32F4xx_HAL_Driver/Src/stm32f4xx_hal_rcc.c.obj
LOAD CMakeFiles/RESS_LOGGER.dir/Drivers/STM32F4xx_HAL_Driver/Src/stm32f4xx_hal_rcc_ex.c.obj
LOAD CMakeFiles/RESS_LOGGER.dir/Drivers/STM32F4xx_HAL_Driver/Src/stm32f4xx_hal_flash.c.obj
LOAD CMakeFiles/RESS_LOGGER.dir/Drivers/STM32F4xx_HAL_Driver/Src/stm32f4xx_hal_flash_ex.c.obj
LOAD CMakeFiles/RESS_LOGGER.dir/Drivers/STM32F4xx_HAL_Driver/Src/stm32f4xx_hal_flash_ramfunc.c.obj
LOAD CMakeFiles/RESS_LOGGER.dir/Drivers/STM32F4xx_HAL_Driver/Src/stm32f4xx_hal_gpio.c.obj
LOAD CMakeFiles/RESS_LOGGER.dir/Drivers/STM32F4xx_HAL_Driver/Src/stm32f4xx_hal_dma_ex.c.obj
LOAD CMakeFiles/RESS_LOGGER.dir/Drivers/STM32F4xx_HAL_Driver/Src/stm32f4xx_hal_dma.c.obj
LOAD CMakeFiles/RESS_LOGGER.dir/Drivers/STM32F4xx_HAL_Driver/Src/stm32f4xx_hal_pwr.c.obj
LOAD CMakeFiles/RESS_LOGGER.dir/Drivers/STM32F4xx_HAL_Driver/Src/stm32f4xx_hal_pwr_ex.c.obj
LOAD CMakeFiles/RESS_LOGGER.dir/Drivers/STM32F4xx_HAL_Driver/Src/stm32f4xx_hal_cortex.c.obj
LOAD CMakeFiles/RESS_LOGGER.dir/Drivers/STM32F4xx_HAL_Driver/Src/stm32f4xx_hal.c.obj
LOAD CMakeFiles/RESS_LOGGER.dir/Drivers/STM32F4xx_HAL_Driver/Src/stm32f4xx_hal_exti.c.obj
LOAD CMakeFiles/RESS_LOGGER.dir/Drivers/STM32F4xx_HAL_Driver/Src/stm32f4xx_ll_sdmmc.c.obj
LOAD CMakeFiles/RESS_LOGGER.dir/Drivers/STM32F4xx_HAL_Driver/Src/stm32f4xx_hal_sd.c.obj
LOAD CMakeFiles/RESS_LOGGER.dir/Drivers/STM32F4xx_HAL_Driver/Src/stm32f4xx_hal_mmc.c.obj
LOAD CMakeFiles/RESS_LOGGER.dir/Drivers/STM32F4xx_HAL_Driver/Src/stm32f4xx_hal_spi.c.obj
LOAD CMakeFiles/RESS_LOGGER.dir/Drivers/STM32F4xx_HAL_Driver/Src/stm32f4xx_hal_uart.c.obj
LOAD CMakeFiles/RESS_LOGGER.dir/Core/Src/system_stm32f4xx.c.obj
LOAD CMakeFiles/RESS_LOGGER.dir/Core/Src/sysmem.c.obj
LOAD CMakeFiles/RESS_LOGGER.dir/Core/Src/syscalls.c.obj
LOAD CMakeFiles/RESS_LOGGER.dir/startup_stm32f407xx.s.obj
START GROUP
LOAD C:/PROGRA~2/Arm GNU Toolchain arm-none-eabi/14.2 rel1/bin/../lib/gcc/arm-none-eabi/14.2.1/thumb/v7e-m+fp/hard\libgcc.a
LOAD C:/PROGRA~2/Arm GNU Toolchain arm-none-eabi/14.2 rel1/bin/../lib/gcc/arm-none-eabi/14.2.1/thumb/v7e-m+fp/hard\libg_nano.a
LOAD C:/PROGRA~2/Arm GNU Toolchain arm-none-eabi/14.2 rel1/bin/../lib/gcc/arm-none-eabi/14.2.1/thumb/v7e-m+fp/hard\libc_nano.a
END GROUP
START GROUP
LOAD C:/PROGRA~2/Arm GNU Toolchain arm-none-eabi/14.2 rel1/bin/../lib/gcc/arm-none-eabi/14.2.1/thumb/v7e-m+fp/hard\libgcc.a
LOAD C:/PROGRA~2/Arm GNU Toolchain arm-none-eabi/14.2 rel1/bin/../lib/gcc/arm-none-eabi/14.2.1/thumb/v7e-m+fp/hard\libc_nano.a
END GROUP
LOAD C:/PROGRA~2/Arm GNU Toolchain arm-none-eabi/14.2 rel1/bin/../lib/gcc/arm-none-eabi/14.2.1/thumb/v7e-m+fp/hard/crtend.o
LOAD C:/PROGRA~2/Arm GNU Toolchain arm-none-eabi/14.2 rel1/bin/../lib/gcc/arm-none-eabi/14.2.1/thumb/v7e-m+fp/hard/crtn.o
                0x20020000                        _estack = (ORIGIN (RAM) + LENGTH (RAM))
                0x00000200                        _Min_Heap_Size = 0x200
                0x00000400                        _Min_Stack_Size = 0x400

.isr_vector     0x08000000      0x188
                0x08000000                        . = ALIGN (0x4)
 *(.isr_vector)
 .isr_vector    0x08000000      0x188 CMakeFiles/RESS_LOGGER.dir/startup_stm32f407xx.s.obj
                0x08000000                g_pfnVectors
                0x08000188                        . = ALIGN (0x4)

.text           0x08000188     0x3ba8
                0x08000188                        . = ALIGN (0x4)
 *(.text)
 .text          0x08000188       0x30 C:/PROGRA~2/Arm GNU Toolchain arm-none-eabi/14.2 rel1/bin/../lib/gcc/arm-none-eabi/14.2.1/thumb/v7e-m+fp/hard\libgcc.a(_aeabi_uldivmod.o)
                0x08000188                __aeabi_uldivmod
 .text          0x080001b8        0x4 C:/PROGRA~2/Arm GNU Toolchain arm-none-eabi/14.2 rel1/bin/../lib/gcc/arm-none-eabi/14.2.1/thumb/v7e-m+fp/hard\libgcc.a(_dvmd_tls.o)
                0x080001b8                __aeabi_idiv0
                0x080001b8                __aeabi_ldiv0
 *(.text*)
 .text.deregister_tm_clones
                0x080001bc       0x1c C:/PROGRA~2/Arm GNU Toolchain arm-none-eabi/14.2 rel1/bin/../lib/gcc/arm-none-eabi/14.2.1/thumb/v7e-m+fp/hard/crtbegin.o
 .text.register_tm_clones
                0x080001d8       0x24 C:/PROGRA~2/Arm GNU Toolchain arm-none-eabi/14.2 rel1/bin/../lib/gcc/arm-none-eabi/14.2.1/thumb/v7e-m+fp/hard/crtbegin.o
 .text.__do_global_dtors_aux
                0x080001fc       0x28 C:/PROGRA~2/Arm GNU Toolchain arm-none-eabi/14.2 rel1/bin/../lib/gcc/arm-none-eabi/14.2.1/thumb/v7e-m+fp/hard/crtbegin.o
 .text.frame_dummy
                0x08000224       0x24 C:/PROGRA~2/Arm GNU Toolchain arm-none-eabi/14.2 rel1/bin/../lib/gcc/arm-none-eabi/14.2.1/thumb/v7e-m+fp/hard/crtbegin.o
 .text.memset   0x08000248       0x10 C:/PROGRA~2/Arm GNU Toolchain arm-none-eabi/14.2 rel1/bin/../lib/gcc/arm-none-eabi/14.2.1/thumb/v7e-m+fp/hard\libc_nano.a(libc_a-memset.o)
                0x08000248                memset
 .text.__libc_init_array
                0x08000258       0x48 C:/PROGRA~2/Arm GNU Toolchain arm-none-eabi/14.2 rel1/bin/../lib/gcc/arm-none-eabi/14.2.1/thumb/v7e-m+fp/hard\libc_nano.a(libc_a-init.o)
                0x08000258                __libc_init_array
 .text.main     0x080002a0       0x30 CMakeFiles/RESS_LOGGER.dir/Core/Src/main.c.obj
                0x080002a0                main
 .text.SystemClock_Config
                0x080002d0       0xd4 CMakeFiles/RESS_LOGGER.dir/Core/Src/main.c.obj
                0x080002d0                SystemClock_Config
 .text.Error_Handler
                0x080003a4        0xc CMakeFiles/RESS_LOGGER.dir/Core/Src/main.c.obj
                0x080003a4                Error_Handler
 .text.MX_GPIO_Init
                0x080003b0      0x1ac CMakeFiles/RESS_LOGGER.dir/Core/Src/gpio.c.obj
                0x080003b0                MX_GPIO_Init
 .text.MX_I2C1_Init
                0x0800055c       0x5c CMakeFiles/RESS_LOGGER.dir/Core/Src/i2c.c.obj
                0x0800055c                MX_I2C1_Init
 .text.HAL_I2C_MspInit
                0x080005b8       0x90 CMakeFiles/RESS_LOGGER.dir/Core/Src/i2c.c.obj
                0x080005b8                HAL_I2C_MspInit
 .text.MX_SDIO_SD_Init
                0x08000648       0x60 CMakeFiles/RESS_LOGGER.dir/Core/Src/sdio.c.obj
                0x08000648                MX_SDIO_SD_Init
 .text.HAL_SD_MspInit
                0x080006a8       0xd0 CMakeFiles/RESS_LOGGER.dir/Core/Src/sdio.c.obj
                0x080006a8                HAL_SD_MspInit
 .text.MX_SPI1_Init
                0x08000778       0x6c CMakeFiles/RESS_LOGGER.dir/Core/Src/spi.c.obj
                0x08000778                MX_SPI1_Init
 .text.MX_SPI3_Init
                0x080007e4       0x6c CMakeFiles/RESS_LOGGER.dir/Core/Src/spi.c.obj
                0x080007e4                MX_SPI3_Init
 .text.HAL_SPI_MspInit
                0x08000850       0xfc CMakeFiles/RESS_LOGGER.dir/Core/Src/spi.c.obj
                0x08000850                HAL_SPI_MspInit
 .text.MX_USART1_UART_Init
                0x0800094c       0x54 CMakeFiles/RESS_LOGGER.dir/Core/Src/usart.c.obj
                0x0800094c                MX_USART1_UART_Init
 .text.MX_USART2_UART_Init
                0x080009a0       0x54 CMakeFiles/RESS_LOGGER.dir/Core/Src/usart.c.obj
                0x080009a0                MX_USART2_UART_Init
 .text.MX_USART3_UART_Init
                0x080009f4       0x54 CMakeFiles/RESS_LOGGER.dir/Core/Src/usart.c.obj
                0x080009f4                MX_USART3_UART_Init
 .text.HAL_UART_MspInit
                0x08000a48      0x168 CMakeFiles/RESS_LOGGER.dir/Core/Src/usart.c.obj
                0x08000a48                HAL_UART_MspInit
 .text.NMI_Handler
                0x08000bb0        0x8 CMakeFiles/RESS_LOGGER.dir/Core/Src/stm32f4xx_it.c.obj
                0x08000bb0                NMI_Handler
 .text.HardFault_Handler
                0x08000bb8        0x8 CMakeFiles/RESS_LOGGER.dir/Core/Src/stm32f4xx_it.c.obj
                0x08000bb8                HardFault_Handler
 .text.MemManage_Handler
                0x08000bc0        0x8 CMakeFiles/RESS_LOGGER.dir/Core/Src/stm32f4xx_it.c.obj
                0x08000bc0                MemManage_Handler
 .text.BusFault_Handler
                0x08000bc8        0x8 CMakeFiles/RESS_LOGGER.dir/Core/Src/stm32f4xx_it.c.obj
                0x08000bc8                BusFault_Handler
 .text.UsageFault_Handler
                0x08000bd0        0x8 CMakeFiles/RESS_LOGGER.dir/Core/Src/stm32f4xx_it.c.obj
                0x08000bd0                UsageFault_Handler
 .text.SVC_Handler
                0x08000bd8        0xe CMakeFiles/RESS_LOGGER.dir/Core/Src/stm32f4xx_it.c.obj
                0x08000bd8                SVC_Handler
 .text.DebugMon_Handler
                0x08000be6        0xe CMakeFiles/RESS_LOGGER.dir/Core/Src/stm32f4xx_it.c.obj
                0x08000be6                DebugMon_Handler
 .text.PendSV_Handler
                0x08000bf4        0xe CMakeFiles/RESS_LOGGER.dir/Core/Src/stm32f4xx_it.c.obj
                0x08000bf4                PendSV_Handler
 .text.SysTick_Handler
                0x08000c02        0xc CMakeFiles/RESS_LOGGER.dir/Core/Src/stm32f4xx_it.c.obj
                0x08000c02                SysTick_Handler
 *fill*         0x08000c0e        0x2 
 .text.HAL_MspInit
                0x08000c10       0x50 CMakeFiles/RESS_LOGGER.dir/Core/Src/stm32f4xx_hal_msp.c.obj
                0x08000c10                HAL_MspInit
 .text.HAL_I2C_Init
                0x08000c60      0x288 CMakeFiles/RESS_LOGGER.dir/Drivers/STM32F4xx_HAL_Driver/Src/stm32f4xx_hal_i2c.c.obj
                0x08000c60                HAL_I2C_Init
 .text.HAL_RCC_OscConfig
                0x08000ee8      0x4f0 CMakeFiles/RESS_LOGGER.dir/Drivers/STM32F4xx_HAL_Driver/Src/stm32f4xx_hal_rcc.c.obj
                0x08000ee8                HAL_RCC_OscConfig
 .text.HAL_RCC_ClockConfig
                0x080013d8      0x1cc CMakeFiles/RESS_LOGGER.dir/Drivers/STM32F4xx_HAL_Driver/Src/stm32f4xx_hal_rcc.c.obj
                0x080013d8                HAL_RCC_ClockConfig
 .text.HAL_RCC_GetSysClockFreq
                0x080015a4      0x20c CMakeFiles/RESS_LOGGER.dir/Drivers/STM32F4xx_HAL_Driver/Src/stm32f4xx_hal_rcc.c.obj
                0x080015a4                HAL_RCC_GetSysClockFreq
 .text.HAL_RCC_GetHCLKFreq
                0x080017b0       0x18 CMakeFiles/RESS_LOGGER.dir/Drivers/STM32F4xx_HAL_Driver/Src/stm32f4xx_hal_rcc.c.obj
                0x080017b0                HAL_RCC_GetHCLKFreq
 .text.HAL_RCC_GetPCLK1Freq
                0x080017c8       0x28 CMakeFiles/RESS_LOGGER.dir/Drivers/STM32F4xx_HAL_Driver/Src/stm32f4xx_hal_rcc.c.obj
                0x080017c8                HAL_RCC_GetPCLK1Freq
 .text.HAL_RCC_GetPCLK2Freq
                0x080017f0       0x28 CMakeFiles/RESS_LOGGER.dir/Drivers/STM32F4xx_HAL_Driver/Src/stm32f4xx_hal_rcc.c.obj
                0x080017f0                HAL_RCC_GetPCLK2Freq
 .text.HAL_GPIO_Init
                0x08001818      0x338 CMakeFiles/RESS_LOGGER.dir/Drivers/STM32F4xx_HAL_Driver/Src/stm32f4xx_hal_gpio.c.obj
                0x08001818                HAL_GPIO_Init
 .text.HAL_GPIO_WritePin
                0x08001b50       0x32 CMakeFiles/RESS_LOGGER.dir/Drivers/STM32F4xx_HAL_Driver/Src/stm32f4xx_hal_gpio.c.obj
                0x08001b50                HAL_GPIO_WritePin
 *fill*         0x08001b82        0x2 
 .text.__NVIC_SetPriorityGrouping
                0x08001b84       0x48 CMakeFiles/RESS_LOGGER.dir/Drivers/STM32F4xx_HAL_Driver/Src/stm32f4xx_hal_cortex.c.obj
 .text.__NVIC_GetPriorityGrouping
                0x08001bcc       0x1c CMakeFiles/RESS_LOGGER.dir/Drivers/STM32F4xx_HAL_Driver/Src/stm32f4xx_hal_cortex.c.obj
 .text.__NVIC_SetPriority
                0x08001be8       0x54 CMakeFiles/RESS_LOGGER.dir/Drivers/STM32F4xx_HAL_Driver/Src/stm32f4xx_hal_cortex.c.obj
 .text.NVIC_EncodePriority
                0x08001c3c       0x66 CMakeFiles/RESS_LOGGER.dir/Drivers/STM32F4xx_HAL_Driver/Src/stm32f4xx_hal_cortex.c.obj
 *fill*         0x08001ca2        0x2 
 .text.SysTick_Config
                0x08001ca4       0x44 CMakeFiles/RESS_LOGGER.dir/Drivers/STM32F4xx_HAL_Driver/Src/stm32f4xx_hal_cortex.c.obj
 .text.HAL_NVIC_SetPriorityGrouping
                0x08001ce8       0x16 CMakeFiles/RESS_LOGGER.dir/Drivers/STM32F4xx_HAL_Driver/Src/stm32f4xx_hal_cortex.c.obj
                0x08001ce8                HAL_NVIC_SetPriorityGrouping
 .text.HAL_NVIC_SetPriority
                0x08001cfe       0x38 CMakeFiles/RESS_LOGGER.dir/Drivers/STM32F4xx_HAL_Driver/Src/stm32f4xx_hal_cortex.c.obj
                0x08001cfe                HAL_NVIC_SetPriority
 .text.HAL_SYSTICK_Config
                0x08001d36       0x18 CMakeFiles/RESS_LOGGER.dir/Drivers/STM32F4xx_HAL_Driver/Src/stm32f4xx_hal_cortex.c.obj
                0x08001d36                HAL_SYSTICK_Config
 *fill*         0x08001d4e        0x2 
 .text.HAL_Init
                0x08001d50       0x44 CMakeFiles/RESS_LOGGER.dir/Drivers/STM32F4xx_HAL_Driver/Src/stm32f4xx_hal.c.obj
                0x08001d50                HAL_Init
 .text.HAL_InitTick
                0x08001d94       0x60 CMakeFiles/RESS_LOGGER.dir/Drivers/STM32F4xx_HAL_Driver/Src/stm32f4xx_hal.c.obj
                0x08001d94                HAL_InitTick
 .text.HAL_IncTick
                0x08001df4       0x28 CMakeFiles/RESS_LOGGER.dir/Drivers/STM32F4xx_HAL_Driver/Src/stm32f4xx_hal.c.obj
                0x08001df4                HAL_IncTick
 .text.HAL_GetTick
                0x08001e1c       0x18 CMakeFiles/RESS_LOGGER.dir/Drivers/STM32F4xx_HAL_Driver/Src/stm32f4xx_hal.c.obj
                0x08001e1c                HAL_GetTick
 .text.HAL_Delay
                0x08001e34       0x48 CMakeFiles/RESS_LOGGER.dir/Drivers/STM32F4xx_HAL_Driver/Src/stm32f4xx_hal.c.obj
                0x08001e34                HAL_Delay
 .text.SDIO_Init
                0x08001e7c       0x56 CMakeFiles/RESS_LOGGER.dir/Drivers/STM32F4xx_HAL_Driver/Src/stm32f4xx_ll_sdmmc.c.obj
                0x08001e7c                SDIO_Init
 .text.SDIO_ReadFIFO
                0x08001ed2       0x1a CMakeFiles/RESS_LOGGER.dir/Drivers/STM32F4xx_HAL_Driver/Src/stm32f4xx_ll_sdmmc.c.obj
                0x08001ed2                SDIO_ReadFIFO
 .text.SDIO_PowerState_ON
                0x08001eec       0x1c CMakeFiles/RESS_LOGGER.dir/Drivers/STM32F4xx_HAL_Driver/Src/stm32f4xx_ll_sdmmc.c.obj
                0x08001eec                SDIO_PowerState_ON
 .text.SDIO_GetPowerState
                0x08001f08       0x1c CMakeFiles/RESS_LOGGER.dir/Drivers/STM32F4xx_HAL_Driver/Src/stm32f4xx_ll_sdmmc.c.obj
                0x08001f08                SDIO_GetPowerState
 .text.SDIO_SendCommand
                0x08001f24       0x54 CMakeFiles/RESS_LOGGER.dir/Drivers/STM32F4xx_HAL_Driver/Src/stm32f4xx_ll_sdmmc.c.obj
                0x08001f24                SDIO_SendCommand
 .text.SDIO_GetCommandResponse
                0x08001f78       0x1a CMakeFiles/RESS_LOGGER.dir/Drivers/STM32F4xx_HAL_Driver/Src/stm32f4xx_ll_sdmmc.c.obj
                0x08001f78                SDIO_GetCommandResponse
 .text.SDIO_GetResponse
                0x08001f92       0x26 CMakeFiles/RESS_LOGGER.dir/Drivers/STM32F4xx_HAL_Driver/Src/stm32f4xx_ll_sdmmc.c.obj
                0x08001f92                SDIO_GetResponse
 .text.SDIO_ConfigData
                0x08001fb8       0x58 CMakeFiles/RESS_LOGGER.dir/Drivers/STM32F4xx_HAL_Driver/Src/stm32f4xx_ll_sdmmc.c.obj
                0x08001fb8                SDIO_ConfigData
 .text.SDMMC_CmdBlockLength
                0x08002010       0x44 CMakeFiles/RESS_LOGGER.dir/Drivers/STM32F4xx_HAL_Driver/Src/stm32f4xx_ll_sdmmc.c.obj
                0x08002010                SDMMC_CmdBlockLength
 .text.SDMMC_CmdSelDesel
                0x08002054       0x46 CMakeFiles/RESS_LOGGER.dir/Drivers/STM32F4xx_HAL_Driver/Src/stm32f4xx_ll_sdmmc.c.obj
                0x08002054                SDMMC_CmdSelDesel
 .text.SDMMC_CmdGoIdleState
                0x0800209a       0x3c CMakeFiles/RESS_LOGGER.dir/Drivers/STM32F4xx_HAL_Driver/Src/stm32f4xx_ll_sdmmc.c.obj
                0x0800209a                SDMMC_CmdGoIdleState
 .text.SDMMC_CmdOperCond
                0x080020d6       0x3e CMakeFiles/RESS_LOGGER.dir/Drivers/STM32F4xx_HAL_Driver/Src/stm32f4xx_ll_sdmmc.c.obj
                0x080020d6                SDMMC_CmdOperCond
 .text.SDMMC_CmdAppCommand
                0x08002114       0x44 CMakeFiles/RESS_LOGGER.dir/Drivers/STM32F4xx_HAL_Driver/Src/stm32f4xx_ll_sdmmc.c.obj
                0x08002114                SDMMC_CmdAppCommand
 .text.SDMMC_CmdAppOperCommand
                0x08002158       0x46 CMakeFiles/RESS_LOGGER.dir/Drivers/STM32F4xx_HAL_Driver/Src/stm32f4xx_ll_sdmmc.c.obj
                0x08002158                SDMMC_CmdAppOperCommand
 .text.SDMMC_CmdBusWidth
                0x0800219e       0x44 CMakeFiles/RESS_LOGGER.dir/Drivers/STM32F4xx_HAL_Driver/Src/stm32f4xx_ll_sdmmc.c.obj
                0x0800219e                SDMMC_CmdBusWidth
 .text.SDMMC_CmdSendSCR
                0x080021e2       0x42 CMakeFiles/RESS_LOGGER.dir/Drivers/STM32F4xx_HAL_Driver/Src/stm32f4xx_ll_sdmmc.c.obj
                0x080021e2                SDMMC_CmdSendSCR
 .text.SDMMC_CmdSendCID
                0x08002224       0x3c CMakeFiles/RESS_LOGGER.dir/Drivers/STM32F4xx_HAL_Driver/Src/stm32f4xx_ll_sdmmc.c.obj
                0x08002224                SDMMC_CmdSendCID
 .text.SDMMC_CmdSendCSD
                0x08002260       0x3e CMakeFiles/RESS_LOGGER.dir/Drivers/STM32F4xx_HAL_Driver/Src/stm32f4xx_ll_sdmmc.c.obj
                0x08002260                SDMMC_CmdSendCSD
 .text.SDMMC_CmdSetRelAdd
                0x0800229e       0x42 CMakeFiles/RESS_LOGGER.dir/Drivers/STM32F4xx_HAL_Driver/Src/stm32f4xx_ll_sdmmc.c.obj
                0x0800229e                SDMMC_CmdSetRelAdd
 .text.SDMMC_GetCmdResp1
                0x080022e0      0x1dc CMakeFiles/RESS_LOGGER.dir/Drivers/STM32F4xx_HAL_Driver/Src/stm32f4xx_ll_sdmmc.c.obj
                0x080022e0                SDMMC_GetCmdResp1
 .text.SDMMC_GetCmdResp2
                0x080024bc       0x90 CMakeFiles/RESS_LOGGER.dir/Drivers/STM32F4xx_HAL_Driver/Src/stm32f4xx_ll_sdmmc.c.obj
                0x080024bc                SDMMC_GetCmdResp2
 .text.SDMMC_GetCmdResp3
                0x0800254c       0x7c CMakeFiles/RESS_LOGGER.dir/Drivers/STM32F4xx_HAL_Driver/Src/stm32f4xx_ll_sdmmc.c.obj
                0x0800254c                SDMMC_GetCmdResp3
 .text.SDMMC_GetCmdResp6
                0x080025c8       0xec CMakeFiles/RESS_LOGGER.dir/Drivers/STM32F4xx_HAL_Driver/Src/stm32f4xx_ll_sdmmc.c.obj
                0x080025c8                SDMMC_GetCmdResp6
 .text.SDMMC_GetCmdResp7
                0x080026b4       0x9c CMakeFiles/RESS_LOGGER.dir/Drivers/STM32F4xx_HAL_Driver/Src/stm32f4xx_ll_sdmmc.c.obj
                0x080026b4                SDMMC_GetCmdResp7
 .text.SDMMC_GetCmdError
                0x08002750       0x58 CMakeFiles/RESS_LOGGER.dir/Drivers/STM32F4xx_HAL_Driver/Src/stm32f4xx_ll_sdmmc.c.obj
 .text.HAL_SD_Init
                0x080027a8       0x60 CMakeFiles/RESS_LOGGER.dir/Drivers/STM32F4xx_HAL_Driver/Src/stm32f4xx_hal_sd.c.obj
                0x080027a8                HAL_SD_Init
 .text.HAL_SD_InitCard
                0x08002808       0xf0 CMakeFiles/RESS_LOGGER.dir/Drivers/STM32F4xx_HAL_Driver/Src/stm32f4xx_hal_sd.c.obj
                0x08002808                HAL_SD_InitCard
 .text.HAL_SD_GetCardCSD
                0x080028f8      0x348 CMakeFiles/RESS_LOGGER.dir/Drivers/STM32F4xx_HAL_Driver/Src/stm32f4xx_hal_sd.c.obj
                0x080028f8                HAL_SD_GetCardCSD
 .text.HAL_SD_ConfigWideBusOperation
                0x08002c40      0x134 CMakeFiles/RESS_LOGGER.dir/Drivers/STM32F4xx_HAL_Driver/Src/stm32f4xx_hal_sd.c.obj
                0x08002c40                HAL_SD_ConfigWideBusOperation
 .text.SD_InitCard
                0x08002d74      0x19c CMakeFiles/RESS_LOGGER.dir/Drivers/STM32F4xx_HAL_Driver/Src/stm32f4xx_hal_sd.c.obj
 .text.SD_PowerON
                0x08002f10      0x11c CMakeFiles/RESS_LOGGER.dir/Drivers/STM32F4xx_HAL_Driver/Src/stm32f4xx_hal_sd.c.obj
 .text.SD_WideBus_Enable
                0x0800302c       0x96 CMakeFiles/RESS_LOGGER.dir/Drivers/STM32F4xx_HAL_Driver/Src/stm32f4xx_hal_sd.c.obj
 .text.SD_WideBus_Disable
                0x080030c2       0x96 CMakeFiles/RESS_LOGGER.dir/Drivers/STM32F4xx_HAL_Driver/Src/stm32f4xx_hal_sd.c.obj
 .text.SD_FindSCR
                0x08003158      0x1b4 CMakeFiles/RESS_LOGGER.dir/Drivers/STM32F4xx_HAL_Driver/Src/stm32f4xx_hal_sd.c.obj
 .text.HAL_SPI_Init
                0x0800330c      0x112 CMakeFiles/RESS_LOGGER.dir/Drivers/STM32F4xx_HAL_Driver/Src/stm32f4xx_hal_spi.c.obj
                0x0800330c                HAL_SPI_Init
 .text.HAL_UART_Init
                0x0800341e       0xa0 CMakeFiles/RESS_LOGGER.dir/Drivers/STM32F4xx_HAL_Driver/Src/stm32f4xx_hal_uart.c.obj
                0x0800341e                HAL_UART_Init
 *fill*         0x080034be        0x2 
 .text.UART_SetConfig
                0x080034c0      0x4e8 CMakeFiles/RESS_LOGGER.dir/Drivers/STM32F4xx_HAL_Driver/Src/stm32f4xx_hal_uart.c.obj
 .text.SystemInit
                0x080039a8       0x24 CMakeFiles/RESS_LOGGER.dir/Core/Src/system_stm32f4xx.c.obj
                0x080039a8                SystemInit
 .text.Reset_Handler
                0x080039cc       0x50 CMakeFiles/RESS_LOGGER.dir/startup_stm32f407xx.s.obj
                0x080039cc                Reset_Handler
 .text.Default_Handler
                0x08003a1c        0x2 CMakeFiles/RESS_LOGGER.dir/startup_stm32f407xx.s.obj
                0x08003a1c                RTC_Alarm_IRQHandler
                0x08003a1c                HASH_RNG_IRQHandler
                0x08003a1c                EXTI2_IRQHandler
                0x08003a1c                TIM8_CC_IRQHandler
                0x08003a1c                TIM1_CC_IRQHandler
                0x08003a1c                DMA2_Stream5_IRQHandler
                0x08003a1c                DMA1_Stream5_IRQHandler
                0x08003a1c                PVD_IRQHandler
                0x08003a1c                SDIO_IRQHandler
                0x08003a1c                TAMP_STAMP_IRQHandler
                0x08003a1c                CAN2_RX1_IRQHandler
                0x08003a1c                EXTI3_IRQHandler
                0x08003a1c                TIM8_TRG_COM_TIM14_IRQHandler
                0x08003a1c                TIM1_UP_TIM10_IRQHandler
                0x08003a1c                TIM8_UP_TIM13_IRQHandler
                0x08003a1c                I2C3_ER_IRQHandler
                0x08003a1c                EXTI0_IRQHandler
                0x08003a1c                I2C2_EV_IRQHandler
                0x08003a1c                DMA1_Stream2_IRQHandler
                0x08003a1c                CAN1_RX0_IRQHandler
                0x08003a1c                FPU_IRQHandler
                0x08003a1c                OTG_HS_WKUP_IRQHandler
                0x08003a1c                CAN2_SCE_IRQHandler
                0x08003a1c                DMA2_Stream2_IRQHandler
                0x08003a1c                SPI1_IRQHandler
                0x08003a1c                TIM6_DAC_IRQHandler
                0x08003a1c                TIM1_BRK_TIM9_IRQHandler
                0x08003a1c                DCMI_IRQHandler
                0x08003a1c                CAN2_RX0_IRQHandler
                0x08003a1c                DMA2_Stream3_IRQHandler
                0x08003a1c                USART6_IRQHandler
                0x08003a1c                USART3_IRQHandler
                0x08003a1c                CAN1_RX1_IRQHandler
                0x08003a1c                UART5_IRQHandler
                0x08003a1c                DMA2_Stream0_IRQHandler
                0x08003a1c                TIM4_IRQHandler
                0x08003a1c                I2C1_EV_IRQHandler
                0x08003a1c                DMA1_Stream6_IRQHandler
                0x08003a1c                DMA1_Stream1_IRQHandler
                0x08003a1c                UART4_IRQHandler
                0x08003a1c                TIM3_IRQHandler
                0x08003a1c                RCC_IRQHandler
                0x08003a1c                TIM8_BRK_TIM12_IRQHandler
                0x08003a1c                Default_Handler
                0x08003a1c                EXTI15_10_IRQHandler
                0x08003a1c                ADC_IRQHandler
                0x08003a1c                DMA1_Stream7_IRQHandler
                0x08003a1c                TIM7_IRQHandler
                0x08003a1c                CAN2_TX_IRQHandler
                0x08003a1c                TIM5_IRQHandler
                0x08003a1c                DMA2_Stream7_IRQHandler
                0x08003a1c                I2C3_EV_IRQHandler
                0x08003a1c                EXTI9_5_IRQHandler
                0x08003a1c                RTC_WKUP_IRQHandler
                0x08003a1c                ETH_WKUP_IRQHandler
                0x08003a1c                SPI2_IRQHandler
                0x08003a1c                OTG_HS_EP1_IN_IRQHandler
                0x08003a1c                DMA1_Stream0_IRQHandler
                0x08003a1c                CAN1_TX_IRQHandler
                0x08003a1c                EXTI4_IRQHandler
                0x08003a1c                FSMC_IRQHandler
                0x08003a1c                ETH_IRQHandler
                0x08003a1c                OTG_HS_EP1_OUT_IRQHandler
                0x08003a1c                WWDG_IRQHandler
                0x08003a1c                TIM2_IRQHandler
                0x08003a1c                OTG_FS_WKUP_IRQHandler
                0x08003a1c                TIM1_TRG_COM_TIM11_IRQHandler
                0x08003a1c                OTG_HS_IRQHandler
                0x08003a1c                EXTI1_IRQHandler
                0x08003a1c                USART2_IRQHandler
                0x08003a1c                I2C2_ER_IRQHandler
                0x08003a1c                DMA2_Stream1_IRQHandler
                0x08003a1c                CAN1_SCE_IRQHandler
                0x08003a1c                FLASH_IRQHandler
                0x08003a1c                DMA2_Stream4_IRQHandler
                0x08003a1c                USART1_IRQHandler
                0x08003a1c                OTG_FS_IRQHandler
                0x08003a1c                SPI3_IRQHandler
                0x08003a1c                DMA1_Stream4_IRQHandler
                0x08003a1c                I2C1_ER_IRQHandler
                0x08003a1c                DMA2_Stream6_IRQHandler
                0x08003a1c                DMA1_Stream3_IRQHandler
 *fill*         0x08003a1e        0x2 
 .text.__udivmoddi4
                0x08003a20      0x2f8 C:/PROGRA~2/Arm GNU Toolchain arm-none-eabi/14.2 rel1/bin/../lib/gcc/arm-none-eabi/14.2.1/thumb/v7e-m+fp/hard\libgcc.a(_udivmoddi4.o)
                0x08003a20                __udivmoddi4
 *(.glue_7)
 .glue_7        0x08003d18        0x0 linker stubs
 *(.glue_7t)
 .glue_7t       0x08003d18        0x0 linker stubs
 *(.eh_frame)
 .eh_frame      0x08003d18        0x0 C:/PROGRA~2/Arm GNU Toolchain arm-none-eabi/14.2 rel1/bin/../lib/gcc/arm-none-eabi/14.2.1/thumb/v7e-m+fp/hard/crtbegin.o
 *(.init)
 .init          0x08003d18        0x4 C:/PROGRA~2/Arm GNU Toolchain arm-none-eabi/14.2 rel1/bin/../lib/gcc/arm-none-eabi/14.2.1/thumb/v7e-m+fp/hard/crti.o
                0x08003d18                _init
 .init          0x08003d1c        0x8 C:/PROGRA~2/Arm GNU Toolchain arm-none-eabi/14.2 rel1/bin/../lib/gcc/arm-none-eabi/14.2.1/thumb/v7e-m+fp/hard/crtn.o
 *(.fini)
 .fini          0x08003d24        0x4 C:/PROGRA~2/Arm GNU Toolchain arm-none-eabi/14.2 rel1/bin/../lib/gcc/arm-none-eabi/14.2.1/thumb/v7e-m+fp/hard/crti.o
                0x08003d24                _fini
 .fini          0x08003d28        0x8 C:/PROGRA~2/Arm GNU Toolchain arm-none-eabi/14.2 rel1/bin/../lib/gcc/arm-none-eabi/14.2.1/thumb/v7e-m+fp/hard/crtn.o
                0x08003d30                        . = ALIGN (0x4)
                0x08003d30                        _etext = .

.vfp11_veneer   0x08003d30        0x0
 .vfp11_veneer  0x08003d30        0x0 linker stubs

.v4_bx          0x08003d30        0x0
 .v4_bx         0x08003d30        0x0 linker stubs

.iplt           0x08003d30        0x0
 .iplt          0x08003d30        0x0 C:/PROGRA~2/Arm GNU Toolchain arm-none-eabi/14.2 rel1/bin/../lib/gcc/arm-none-eabi/14.2.1/thumb/v7e-m+fp/hard/crtbegin.o

.rodata         0x08003d30       0x18
                0x08003d30                        . = ALIGN (0x4)
 *(.rodata)
 *(.rodata*)
 .rodata.AHBPrescTable
                0x08003d30       0x10 CMakeFiles/RESS_LOGGER.dir/Core/Src/system_stm32f4xx.c.obj
                0x08003d30                AHBPrescTable
 .rodata.APBPrescTable
                0x08003d40        0x8 CMakeFiles/RESS_LOGGER.dir/Core/Src/system_stm32f4xx.c.obj
                0x08003d40                APBPrescTable
                0x08003d48                        . = ALIGN (0x4)

.ARM.extab
 *(.ARM.extab* .gnu.linkonce.armextab.*)

.ARM            0x08003d48        0x8
                0x08003d48                        __exidx_start = .
 *(.ARM.exidx*)
 .ARM.exidx.text.__udivmoddi4
                0x08003d48        0x8 C:/PROGRA~2/Arm GNU Toolchain arm-none-eabi/14.2 rel1/bin/../lib/gcc/arm-none-eabi/14.2.1/thumb/v7e-m+fp/hard\libgcc.a(_udivmoddi4.o)
                0x08003d50                        __exidx_end = .

.rel.dyn        0x08003d50        0x0
 .rel.iplt      0x08003d50        0x0 C:/PROGRA~2/Arm GNU Toolchain arm-none-eabi/14.2 rel1/bin/../lib/gcc/arm-none-eabi/14.2.1/thumb/v7e-m+fp/hard/crtbegin.o

.preinit_array  0x08003d50        0x0
                0x08003d50                        PROVIDE (__preinit_array_start = .)
 *(.preinit_array*)
                0x08003d50                        PROVIDE (__preinit_array_end = .)

.init_array     0x08003d50        0x4
                0x08003d50                        PROVIDE (__init_array_start = .)
 *(SORT_BY_NAME(.init_array.*))
 *(.init_array*)
 .init_array    0x08003d50        0x4 C:/PROGRA~2/Arm GNU Toolchain arm-none-eabi/14.2 rel1/bin/../lib/gcc/arm-none-eabi/14.2.1/thumb/v7e-m+fp/hard/crtbegin.o
                0x08003d54                        PROVIDE (__init_array_end = .)

.fini_array     0x08003d54        0x4
                [!provide]                        PROVIDE (__fini_array_start = .)
 *(SORT_BY_NAME(.fini_array.*))
 *(.fini_array*)
 .fini_array    0x08003d54        0x4 C:/PROGRA~2/Arm GNU Toolchain arm-none-eabi/14.2 rel1/bin/../lib/gcc/arm-none-eabi/14.2.1/thumb/v7e-m+fp/hard/crtbegin.o
                [!provide]                        PROVIDE (__fini_array_end = .)
                0x08003d58                        _sidata = LOADADDR (.data)

.data           0x20000000        0xc load address 0x08003d58
                0x20000000                        . = ALIGN (0x4)
                0x20000000                        _sdata = .
 *(.data)
 *(.data*)
 .data.uwTickPrio
                0x20000000        0x4 CMakeFiles/RESS_LOGGER.dir/Drivers/STM32F4xx_HAL_Driver/Src/stm32f4xx_hal.c.obj
                0x20000000                uwTickPrio
 .data.uwTickFreq
                0x20000004        0x1 CMakeFiles/RESS_LOGGER.dir/Drivers/STM32F4xx_HAL_Driver/Src/stm32f4xx_hal.c.obj
                0x20000004                uwTickFreq
 *fill*         0x20000005        0x3 
 .data.SystemCoreClock
                0x20000008        0x4 CMakeFiles/RESS_LOGGER.dir/Core/Src/system_stm32f4xx.c.obj
                0x20000008                SystemCoreClock
                0x2000000c                        . = ALIGN (0x4)
                0x2000000c                        _edata = .
                0x08003d64                        _siccmram = LOADADDR (.ccmram)

.tm_clone_table
                0x2000000c        0x0 load address 0x08003d64
 .tm_clone_table
                0x2000000c        0x0 C:/PROGRA~2/Arm GNU Toolchain arm-none-eabi/14.2 rel1/bin/../lib/gcc/arm-none-eabi/14.2.1/thumb/v7e-m+fp/hard/crtbegin.o
 .tm_clone_table
                0x2000000c        0x0 C:/PROGRA~2/Arm GNU Toolchain arm-none-eabi/14.2 rel1/bin/../lib/gcc/arm-none-eabi/14.2.1/thumb/v7e-m+fp/hard/crtend.o

.igot.plt       0x2000000c        0x0 load address 0x08003d64
 .igot.plt      0x2000000c        0x0 C:/PROGRA~2/Arm GNU Toolchain arm-none-eabi/14.2 rel1/bin/../lib/gcc/arm-none-eabi/14.2.1/thumb/v7e-m+fp/hard/crtbegin.o

.ccmram         0x10000000        0x0 load address 0x08003d64
                0x10000000                        . = ALIGN (0x4)
                0x10000000                        _sccmram = .
 *(.ccmram)
 *(.ccmram*)
                0x10000000                        . = ALIGN (0x4)
                0x10000000                        _eccmram = .
                0x10000000                        . = ALIGN (0x4)

.bss            0x2000000c      0x280
                0x2000000c                        _sbss = .
                0x2000000c                        __bss_start__ = _sbss
 *(.bss)
 *(.bss*)
 .bss.completed.1
                0x2000000c        0x1 C:/PROGRA~2/Arm GNU Toolchain arm-none-eabi/14.2 rel1/bin/../lib/gcc/arm-none-eabi/14.2.1/thumb/v7e-m+fp/hard/crtbegin.o
 *fill*         0x2000000d        0x3 
 .bss.object.0  0x20000010       0x18 C:/PROGRA~2/Arm GNU Toolchain arm-none-eabi/14.2 rel1/bin/../lib/gcc/arm-none-eabi/14.2.1/thumb/v7e-m+fp/hard/crtbegin.o
 .bss.hi2c1     0x20000028       0x54 CMakeFiles/RESS_LOGGER.dir/Core/Src/i2c.c.obj
                0x20000028                hi2c1
 .bss.hsd       0x2000007c       0x84 CMakeFiles/RESS_LOGGER.dir/Core/Src/sdio.c.obj
                0x2000007c                hsd
 .bss.hspi1     0x20000100       0x58 CMakeFiles/RESS_LOGGER.dir/Core/Src/spi.c.obj
                0x20000100                hspi1
 .bss.hspi3     0x20000158       0x58 CMakeFiles/RESS_LOGGER.dir/Core/Src/spi.c.obj
                0x20000158                hspi3
 .bss.huart1    0x200001b0       0x48 CMakeFiles/RESS_LOGGER.dir/Core/Src/usart.c.obj
                0x200001b0                huart1
 .bss.huart2    0x200001f8       0x48 CMakeFiles/RESS_LOGGER.dir/Core/Src/usart.c.obj
                0x200001f8                huart2
 .bss.huart3    0x20000240       0x48 CMakeFiles/RESS_LOGGER.dir/Core/Src/usart.c.obj
                0x20000240                huart3
 .bss.uwTick    0x20000288        0x4 CMakeFiles/RESS_LOGGER.dir/Drivers/STM32F4xx_HAL_Driver/Src/stm32f4xx_hal.c.obj
                0x20000288                uwTick
 *(COMMON)
                0x2000028c                        . = ALIGN (0x4)
                0x2000028c                        _ebss = .
                0x2000028c                        __bss_end__ = _ebss

._user_heap_stack
                0x2000028c      0x604
                0x20000290                        . = ALIGN (0x8)
 *fill*         0x2000028c        0x4 
                [!provide]                        PROVIDE (end = .)
                0x20000290                        PROVIDE (_end = .)
                0x20000490                        . = (. + _Min_Heap_Size)
 *fill*         0x20000290      0x200 
                0x20000890                        . = (. + _Min_Stack_Size)
 *fill*         0x20000490      0x400 
                0x20000890                        . = ALIGN (0x8)

/DISCARD/
 libc.a(*)
 libm.a(*)
 libgcc.a(*)
OUTPUT(RESS_LOGGER.elf elf32-littlearm)
LOAD linker stubs
LOAD C:/PROGRA~2/Arm GNU Toolchain arm-none-eabi/14.2 rel1/bin/../lib/gcc/arm-none-eabi/14.2.1/thumb/v7e-m+fp/hard\libc.a
LOAD C:/PROGRA~2/Arm GNU Toolchain arm-none-eabi/14.2 rel1/bin/../lib/gcc/arm-none-eabi/14.2.1/thumb/v7e-m+fp/hard\libm.a
LOAD C:/PROGRA~2/Arm GNU Toolchain arm-none-eabi/14.2 rel1/bin/../lib/gcc/arm-none-eabi/14.2.1/thumb/v7e-m+fp/hard\libgcc.a

.ARM.attributes
                0x00000000       0x30
 .ARM.attributes
                0x00000000       0x22 C:/PROGRA~2/Arm GNU Toolchain arm-none-eabi/14.2 rel1/bin/../lib/gcc/arm-none-eabi/14.2.1/thumb/v7e-m+fp/hard/crti.o
 .ARM.attributes
                0x00000022       0x34 C:/PROGRA~2/Arm GNU Toolchain arm-none-eabi/14.2 rel1/bin/../lib/gcc/arm-none-eabi/14.2.1/thumb/v7e-m+fp/hard/crtbegin.o
 .ARM.attributes
                0x00000056       0x34 C:/PROGRA~2/Arm GNU Toolchain arm-none-eabi/14.2 rel1/bin/../lib/gcc/arm-none-eabi/14.2.1/thumb/v7e-m+fp/hard\libc_nano.a(libc_a-memset.o)
 .ARM.attributes
                0x0000008a       0x34 C:/PROGRA~2/Arm GNU Toolchain arm-none-eabi/14.2 rel1/bin/../lib/gcc/arm-none-eabi/14.2.1/thumb/v7e-m+fp/hard\libc_nano.a(libc_a-init.o)
 .ARM.attributes
                0x000000be       0x34 CMakeFiles/RESS_LOGGER.dir/Core/Src/main.c.obj
 .ARM.attributes
                0x000000f2       0x34 CMakeFiles/RESS_LOGGER.dir/Core/Src/gpio.c.obj
 .ARM.attributes
                0x00000126       0x34 CMakeFiles/RESS_LOGGER.dir/Core/Src/i2c.c.obj
 .ARM.attributes
                0x0000015a       0x34 CMakeFiles/RESS_LOGGER.dir/Core/Src/sdio.c.obj
 .ARM.attributes
                0x0000018e       0x34 CMakeFiles/RESS_LOGGER.dir/Core/Src/spi.c.obj
 .ARM.attributes
                0x000001c2       0x34 CMakeFiles/RESS_LOGGER.dir/Core/Src/usart.c.obj
 .ARM.attributes
                0x000001f6       0x34 CMakeFiles/RESS_LOGGER.dir/Core/Src/stm32f4xx_it.c.obj
 .ARM.attributes
                0x0000022a       0x34 CMakeFiles/RESS_LOGGER.dir/Core/Src/stm32f4xx_hal_msp.c.obj
 .ARM.attributes
                0x0000025e       0x34 CMakeFiles/RESS_LOGGER.dir/Drivers/STM32F4xx_HAL_Driver/Src/stm32f4xx_hal_i2c.c.obj
 .ARM.attributes
                0x00000292       0x34 CMakeFiles/RESS_LOGGER.dir/Drivers/STM32F4xx_HAL_Driver/Src/stm32f4xx_hal_rcc.c.obj
 .ARM.attributes
                0x000002c6       0x34 CMakeFiles/RESS_LOGGER.dir/Drivers/STM32F4xx_HAL_Driver/Src/stm32f4xx_hal_gpio.c.obj
 .ARM.attributes
                0x000002fa       0x34 CMakeFiles/RESS_LOGGER.dir/Drivers/STM32F4xx_HAL_Driver/Src/stm32f4xx_hal_cortex.c.obj
 .ARM.attributes
                0x0000032e       0x34 CMakeFiles/RESS_LOGGER.dir/Drivers/STM32F4xx_HAL_Driver/Src/stm32f4xx_hal.c.obj
 .ARM.attributes
                0x00000362       0x34 CMakeFiles/RESS_LOGGER.dir/Drivers/STM32F4xx_HAL_Driver/Src/stm32f4xx_ll_sdmmc.c.obj
 .ARM.attributes
                0x00000396       0x34 CMakeFiles/RESS_LOGGER.dir/Drivers/STM32F4xx_HAL_Driver/Src/stm32f4xx_hal_sd.c.obj
 .ARM.attributes
                0x000003ca       0x34 CMakeFiles/RESS_LOGGER.dir/Drivers/STM32F4xx_HAL_Driver/Src/stm32f4xx_hal_spi.c.obj
 .ARM.attributes
                0x000003fe       0x34 CMakeFiles/RESS_LOGGER.dir/Drivers/STM32F4xx_HAL_Driver/Src/stm32f4xx_hal_uart.c.obj
 .ARM.attributes
                0x00000432       0x34 CMakeFiles/RESS_LOGGER.dir/Core/Src/system_stm32f4xx.c.obj
 .ARM.attributes
                0x00000466       0x21 CMakeFiles/RESS_LOGGER.dir/startup_stm32f407xx.s.obj
 .ARM.attributes
                0x00000487       0x22 C:/PROGRA~2/Arm GNU Toolchain arm-none-eabi/14.2 rel1/bin/../lib/gcc/arm-none-eabi/14.2.1/thumb/v7e-m+fp/hard\libgcc.a(_aeabi_uldivmod.o)
 .ARM.attributes
                0x000004a9       0x34 C:/PROGRA~2/Arm GNU Toolchain arm-none-eabi/14.2 rel1/bin/../lib/gcc/arm-none-eabi/14.2.1/thumb/v7e-m+fp/hard\libgcc.a(_udivmoddi4.o)
 .ARM.attributes
                0x000004dd       0x22 C:/PROGRA~2/Arm GNU Toolchain arm-none-eabi/14.2 rel1/bin/../lib/gcc/arm-none-eabi/14.2.1/thumb/v7e-m+fp/hard\libgcc.a(_dvmd_tls.o)
 .ARM.attributes
                0x000004ff       0x34 C:/PROGRA~2/Arm GNU Toolchain arm-none-eabi/14.2 rel1/bin/../lib/gcc/arm-none-eabi/14.2.1/thumb/v7e-m+fp/hard/crtend.o
 .ARM.attributes
                0x00000533       0x22 C:/PROGRA~2/Arm GNU Toolchain arm-none-eabi/14.2 rel1/bin/../lib/gcc/arm-none-eabi/14.2.1/thumb/v7e-m+fp/hard/crtn.o

.comment        0x00000000       0x45
 .comment       0x00000000       0x45 CMakeFiles/RESS_LOGGER.dir/Core/Src/main.c.obj
                                 0x46 (size before relaxing)
 .comment       0x00000045       0x46 CMakeFiles/RESS_LOGGER.dir/Core/Src/gpio.c.obj
 .comment       0x00000045       0x46 CMakeFiles/RESS_LOGGER.dir/Core/Src/i2c.c.obj
 .comment       0x00000045       0x46 CMakeFiles/RESS_LOGGER.dir/Core/Src/sdio.c.obj
 .comment       0x00000045       0x46 CMakeFiles/RESS_LOGGER.dir/Core/Src/spi.c.obj
 .comment       0x00000045       0x46 CMakeFiles/RESS_LOGGER.dir/Core/Src/usart.c.obj
 .comment       0x00000045       0x46 CMakeFiles/RESS_LOGGER.dir/Core/Src/stm32f4xx_it.c.obj
 .comment       0x00000045       0x46 CMakeFiles/RESS_LOGGER.dir/Core/Src/stm32f4xx_hal_msp.c.obj
 .comment       0x00000045       0x46 CMakeFiles/RESS_LOGGER.dir/Drivers/STM32F4xx_HAL_Driver/Src/stm32f4xx_hal_i2c.c.obj
 .comment       0x00000045       0x46 CMakeFiles/RESS_LOGGER.dir/Drivers/STM32F4xx_HAL_Driver/Src/stm32f4xx_hal_rcc.c.obj
 .comment       0x00000045       0x46 CMakeFiles/RESS_LOGGER.dir/Drivers/STM32F4xx_HAL_Driver/Src/stm32f4xx_hal_gpio.c.obj
 .comment       0x00000045       0x46 CMakeFiles/RESS_LOGGER.dir/Drivers/STM32F4xx_HAL_Driver/Src/stm32f4xx_hal_cortex.c.obj
 .comment       0x00000045       0x46 CMakeFiles/RESS_LOGGER.dir/Drivers/STM32F4xx_HAL_Driver/Src/stm32f4xx_hal.c.obj
 .comment       0x00000045       0x46 CMakeFiles/RESS_LOGGER.dir/Drivers/STM32F4xx_HAL_Driver/Src/stm32f4xx_ll_sdmmc.c.obj
 .comment       0x00000045       0x46 CMakeFiles/RESS_LOGGER.dir/Drivers/STM32F4xx_HAL_Driver/Src/stm32f4xx_hal_sd.c.obj
 .comment       0x00000045       0x46 CMakeFiles/RESS_LOGGER.dir/Drivers/STM32F4xx_HAL_Driver/Src/stm32f4xx_hal_spi.c.obj
 .comment       0x00000045       0x46 CMakeFiles/RESS_LOGGER.dir/Drivers/STM32F4xx_HAL_Driver/Src/stm32f4xx_hal_uart.c.obj
 .comment       0x00000045       0x46 CMakeFiles/RESS_LOGGER.dir/Core/Src/system_stm32f4xx.c.obj

.debug_frame    0x00000000     0x3bdc
 .debug_frame   0x00000000       0x20 C:/PROGRA~2/Arm GNU Toolchain arm-none-eabi/14.2 rel1/bin/../lib/gcc/arm-none-eabi/14.2.1/thumb/v7e-m+fp/hard\libc_nano.a(libc_a-memset.o)
 .debug_frame   0x00000020       0x2c C:/PROGRA~2/Arm GNU Toolchain arm-none-eabi/14.2 rel1/bin/../lib/gcc/arm-none-eabi/14.2.1/thumb/v7e-m+fp/hard\libc_nano.a(libc_a-init.o)
 .debug_frame   0x0000004c       0x68 CMakeFiles/RESS_LOGGER.dir/Core/Src/main.c.obj
 .debug_frame   0x000000b4       0x34 CMakeFiles/RESS_LOGGER.dir/Core/Src/gpio.c.obj
 .debug_frame   0x000000e8       0x74 CMakeFiles/RESS_LOGGER.dir/Core/Src/i2c.c.obj
 .debug_frame   0x0000015c       0x74 CMakeFiles/RESS_LOGGER.dir/Core/Src/sdio.c.obj
 .debug_frame   0x000001d0       0x90 CMakeFiles/RESS_LOGGER.dir/Core/Src/spi.c.obj
 .debug_frame   0x00000260       0xac CMakeFiles/RESS_LOGGER.dir/Core/Src/usart.c.obj
 .debug_frame   0x0000030c      0x104 CMakeFiles/RESS_LOGGER.dir/Core/Src/stm32f4xx_it.c.obj
 .debug_frame   0x00000410       0x38 CMakeFiles/RESS_LOGGER.dir/Core/Src/stm32f4xx_hal_msp.c.obj
 .debug_frame   0x00000448      0xc84 CMakeFiles/RESS_LOGGER.dir/Drivers/STM32F4xx_HAL_Driver/Src/stm32f4xx_hal_i2c.c.obj
 .debug_frame   0x000010cc      0x1f4 CMakeFiles/RESS_LOGGER.dir/Drivers/STM32F4xx_HAL_Driver/Src/stm32f4xx_hal_rcc.c.obj
 .debug_frame   0x000012c0      0x14c CMakeFiles/RESS_LOGGER.dir/Drivers/STM32F4xx_HAL_Driver/Src/stm32f4xx_hal_gpio.c.obj
 .debug_frame   0x0000140c      0x508 CMakeFiles/RESS_LOGGER.dir/Drivers/STM32F4xx_HAL_Driver/Src/stm32f4xx_hal_cortex.c.obj
 .debug_frame   0x00001914      0x374 CMakeFiles/RESS_LOGGER.dir/Drivers/STM32F4xx_HAL_Driver/Src/stm32f4xx_hal.c.obj
 .debug_frame   0x00001c88      0x6d0 CMakeFiles/RESS_LOGGER.dir/Drivers/STM32F4xx_HAL_Driver/Src/stm32f4xx_ll_sdmmc.c.obj
 .debug_frame   0x00002358      0x650 CMakeFiles/RESS_LOGGER.dir/Drivers/STM32F4xx_HAL_Driver/Src/stm32f4xx_hal_sd.c.obj
 .debug_frame   0x000029a8      0x828 CMakeFiles/RESS_LOGGER.dir/Drivers/STM32F4xx_HAL_Driver/Src/stm32f4xx_hal_spi.c.obj
 .debug_frame   0x000031d0      0x954 CMakeFiles/RESS_LOGGER.dir/Drivers/STM32F4xx_HAL_Driver/Src/stm32f4xx_hal_uart.c.obj
 .debug_frame   0x00003b24       0x58 CMakeFiles/RESS_LOGGER.dir/Core/Src/system_stm32f4xx.c.obj
 .debug_frame   0x00003b7c       0x2c C:/PROGRA~2/Arm GNU Toolchain arm-none-eabi/14.2 rel1/bin/../lib/gcc/arm-none-eabi/14.2.1/thumb/v7e-m+fp/hard\libgcc.a(_aeabi_uldivmod.o)
 .debug_frame   0x00003ba8       0x34 C:/PROGRA~2/Arm GNU Toolchain arm-none-eabi/14.2 rel1/bin/../lib/gcc/arm-none-eabi/14.2.1/thumb/v7e-m+fp/hard\libgcc.a(_udivmoddi4.o)

.debug_info     0x00000000     0xf4e8
 .debug_info    0x00000000      0x4e6 CMakeFiles/RESS_LOGGER.dir/Core/Src/main.c.obj
 .debug_info    0x000004e6      0x441 CMakeFiles/RESS_LOGGER.dir/Core/Src/gpio.c.obj
 .debug_info    0x00000927      0x968 CMakeFiles/RESS_LOGGER.dir/Core/Src/i2c.c.obj
 .debug_info    0x0000128f      0xa86 CMakeFiles/RESS_LOGGER.dir/Core/Src/sdio.c.obj
 .debug_info    0x00001d15      0x9a5 CMakeFiles/RESS_LOGGER.dir/Core/Src/spi.c.obj
 .debug_info    0x000026ba      0x9d3 CMakeFiles/RESS_LOGGER.dir/Core/Src/usart.c.obj
 .debug_info    0x0000308d      0x112 CMakeFiles/RESS_LOGGER.dir/Core/Src/stm32f4xx_it.c.obj
 .debug_info    0x0000319f      0x269 CMakeFiles/RESS_LOGGER.dir/Core/Src/stm32f4xx_hal_msp.c.obj
 .debug_info    0x00003408     0x2415 CMakeFiles/RESS_LOGGER.dir/Drivers/STM32F4xx_HAL_Driver/Src/stm32f4xx_hal_i2c.c.obj
 .debug_info    0x0000581d      0x8c3 CMakeFiles/RESS_LOGGER.dir/Drivers/STM32F4xx_HAL_Driver/Src/stm32f4xx_hal_rcc.c.obj
 .debug_info    0x000060e0      0x6c3 CMakeFiles/RESS_LOGGER.dir/Drivers/STM32F4xx_HAL_Driver/Src/stm32f4xx_hal_gpio.c.obj
 .debug_info    0x000067a3      0xd8c CMakeFiles/RESS_LOGGER.dir/Drivers/STM32F4xx_HAL_Driver/Src/stm32f4xx_hal_cortex.c.obj
 .debug_info    0x0000752f      0x944 CMakeFiles/RESS_LOGGER.dir/Drivers/STM32F4xx_HAL_Driver/Src/stm32f4xx_hal.c.obj
 .debug_info    0x00007e73     0x10c4 CMakeFiles/RESS_LOGGER.dir/Drivers/STM32F4xx_HAL_Driver/Src/stm32f4xx_ll_sdmmc.c.obj
 .debug_info    0x00008f37     0x1bfb CMakeFiles/RESS_LOGGER.dir/Drivers/STM32F4xx_HAL_Driver/Src/stm32f4xx_hal_sd.c.obj
 .debug_info    0x0000ab32     0x1525 CMakeFiles/RESS_LOGGER.dir/Drivers/STM32F4xx_HAL_Driver/Src/stm32f4xx_hal_spi.c.obj
 .debug_info    0x0000c057     0x2f4f CMakeFiles/RESS_LOGGER.dir/Drivers/STM32F4xx_HAL_Driver/Src/stm32f4xx_hal_uart.c.obj
 .debug_info    0x0000efa6      0x512 CMakeFiles/RESS_LOGGER.dir/Core/Src/system_stm32f4xx.c.obj
 .debug_info    0x0000f4b8       0x30 CMakeFiles/RESS_LOGGER.dir/startup_stm32f407xx.s.obj

.debug_abbrev   0x00000000     0x23fe
 .debug_abbrev  0x00000000      0x1de CMakeFiles/RESS_LOGGER.dir/Core/Src/main.c.obj
 .debug_abbrev  0x000001de      0x152 CMakeFiles/RESS_LOGGER.dir/Core/Src/gpio.c.obj
 .debug_abbrev  0x00000330      0x1f1 CMakeFiles/RESS_LOGGER.dir/Core/Src/i2c.c.obj
 .debug_abbrev  0x00000521      0x1f7 CMakeFiles/RESS_LOGGER.dir/Core/Src/sdio.c.obj
 .debug_abbrev  0x00000718      0x200 CMakeFiles/RESS_LOGGER.dir/Core/Src/spi.c.obj
 .debug_abbrev  0x00000918      0x1ff CMakeFiles/RESS_LOGGER.dir/Core/Src/usart.c.obj
 .debug_abbrev  0x00000b17       0x73 CMakeFiles/RESS_LOGGER.dir/Core/Src/stm32f4xx_it.c.obj
 .debug_abbrev  0x00000b8a       0xd8 CMakeFiles/RESS_LOGGER.dir/Core/Src/stm32f4xx_hal_msp.c.obj
 .debug_abbrev  0x00000c62      0x2ad CMakeFiles/RESS_LOGGER.dir/Drivers/STM32F4xx_HAL_Driver/Src/stm32f4xx_hal_i2c.c.obj
 .debug_abbrev  0x00000f0f      0x2b7 CMakeFiles/RESS_LOGGER.dir/Drivers/STM32F4xx_HAL_Driver/Src/stm32f4xx_hal_rcc.c.obj
 .debug_abbrev  0x000011c6      0x1d4 CMakeFiles/RESS_LOGGER.dir/Drivers/STM32F4xx_HAL_Driver/Src/stm32f4xx_hal_gpio.c.obj
 .debug_abbrev  0x0000139a      0x31d CMakeFiles/RESS_LOGGER.dir/Drivers/STM32F4xx_HAL_Driver/Src/stm32f4xx_hal_cortex.c.obj
 .debug_abbrev  0x000016b7      0x214 CMakeFiles/RESS_LOGGER.dir/Drivers/STM32F4xx_HAL_Driver/Src/stm32f4xx_hal.c.obj
 .debug_abbrev  0x000018cb      0x1d6 CMakeFiles/RESS_LOGGER.dir/Drivers/STM32F4xx_HAL_Driver/Src/stm32f4xx_ll_sdmmc.c.obj
 .debug_abbrev  0x00001aa1      0x297 CMakeFiles/RESS_LOGGER.dir/Drivers/STM32F4xx_HAL_Driver/Src/stm32f4xx_hal_sd.c.obj
 .debug_abbrev  0x00001d38      0x27a CMakeFiles/RESS_LOGGER.dir/Drivers/STM32F4xx_HAL_Driver/Src/stm32f4xx_hal_spi.c.obj
 .debug_abbrev  0x00001fb2      0x30e CMakeFiles/RESS_LOGGER.dir/Drivers/STM32F4xx_HAL_Driver/Src/stm32f4xx_hal_uart.c.obj
 .debug_abbrev  0x000022c0      0x11a CMakeFiles/RESS_LOGGER.dir/Core/Src/system_stm32f4xx.c.obj
 .debug_abbrev  0x000023da       0x24 CMakeFiles/RESS_LOGGER.dir/startup_stm32f407xx.s.obj

.debug_aranges  0x00000000      0xe68
 .debug_aranges
                0x00000000       0x30 CMakeFiles/RESS_LOGGER.dir/Core/Src/main.c.obj
 .debug_aranges
                0x00000030       0x20 CMakeFiles/RESS_LOGGER.dir/Core/Src/gpio.c.obj
 .debug_aranges
                0x00000050       0x30 CMakeFiles/RESS_LOGGER.dir/Core/Src/i2c.c.obj
 .debug_aranges
                0x00000080       0x30 CMakeFiles/RESS_LOGGER.dir/Core/Src/sdio.c.obj
 .debug_aranges
                0x000000b0       0x38 CMakeFiles/RESS_LOGGER.dir/Core/Src/spi.c.obj
 .debug_aranges
                0x000000e8       0x40 CMakeFiles/RESS_LOGGER.dir/Core/Src/usart.c.obj
 .debug_aranges
                0x00000128       0x60 CMakeFiles/RESS_LOGGER.dir/Core/Src/stm32f4xx_it.c.obj
 .debug_aranges
                0x00000188       0x20 CMakeFiles/RESS_LOGGER.dir/Core/Src/stm32f4xx_hal_msp.c.obj
 .debug_aranges
                0x000001a8      0x2a8 CMakeFiles/RESS_LOGGER.dir/Drivers/STM32F4xx_HAL_Driver/Src/stm32f4xx_hal_i2c.c.obj
 .debug_aranges
                0x00000450       0x88 CMakeFiles/RESS_LOGGER.dir/Drivers/STM32F4xx_HAL_Driver/Src/stm32f4xx_hal_rcc.c.obj
 .debug_aranges
                0x000004d8       0x58 CMakeFiles/RESS_LOGGER.dir/Drivers/STM32F4xx_HAL_Driver/Src/stm32f4xx_hal_gpio.c.obj
 .debug_aranges
                0x00000530      0x130 CMakeFiles/RESS_LOGGER.dir/Drivers/STM32F4xx_HAL_Driver/Src/stm32f4xx_hal_cortex.c.obj
 .debug_aranges
                0x00000660       0xf0 CMakeFiles/RESS_LOGGER.dir/Drivers/STM32F4xx_HAL_Driver/Src/stm32f4xx_hal.c.obj
 .debug_aranges
                0x00000750      0x188 CMakeFiles/RESS_LOGGER.dir/Drivers/STM32F4xx_HAL_Driver/Src/stm32f4xx_ll_sdmmc.c.obj
 .debug_aranges
                0x000008d8      0x168 CMakeFiles/RESS_LOGGER.dir/Drivers/STM32F4xx_HAL_Driver/Src/stm32f4xx_hal_sd.c.obj
 .debug_aranges
                0x00000a40      0x1d0 CMakeFiles/RESS_LOGGER.dir/Drivers/STM32F4xx_HAL_Driver/Src/stm32f4xx_hal_spi.c.obj
 .debug_aranges
                0x00000c10      0x208 CMakeFiles/RESS_LOGGER.dir/Drivers/STM32F4xx_HAL_Driver/Src/stm32f4xx_hal_uart.c.obj
 .debug_aranges
                0x00000e18       0x28 CMakeFiles/RESS_LOGGER.dir/Core/Src/system_stm32f4xx.c.obj
 .debug_aranges
                0x00000e40       0x28 CMakeFiles/RESS_LOGGER.dir/startup_stm32f407xx.s.obj

.debug_rnglists
                0x00000000      0xb31
 .debug_rnglists
                0x00000000       0x20 CMakeFiles/RESS_LOGGER.dir/Core/Src/main.c.obj
 .debug_rnglists
                0x00000020       0x14 CMakeFiles/RESS_LOGGER.dir/Core/Src/gpio.c.obj
 .debug_rnglists
                0x00000034       0x20 CMakeFiles/RESS_LOGGER.dir/Core/Src/i2c.c.obj
 .debug_rnglists
                0x00000054       0x20 CMakeFiles/RESS_LOGGER.dir/Core/Src/sdio.c.obj
 .debug_rnglists
                0x00000074       0x26 CMakeFiles/RESS_LOGGER.dir/Core/Src/spi.c.obj
 .debug_rnglists
                0x0000009a       0x2d CMakeFiles/RESS_LOGGER.dir/Core/Src/usart.c.obj
 .debug_rnglists
                0x000000c7       0x43 CMakeFiles/RESS_LOGGER.dir/Core/Src/stm32f4xx_it.c.obj
 .debug_rnglists
                0x0000010a       0x13 CMakeFiles/RESS_LOGGER.dir/Core/Src/stm32f4xx_hal_msp.c.obj
 .debug_rnglists
                0x0000011d      0x23c CMakeFiles/RESS_LOGGER.dir/Drivers/STM32F4xx_HAL_Driver/Src/stm32f4xx_hal_i2c.c.obj
 .debug_rnglists
                0x00000359       0x66 CMakeFiles/RESS_LOGGER.dir/Drivers/STM32F4xx_HAL_Driver/Src/stm32f4xx_hal_rcc.c.obj
 .debug_rnglists
                0x000003bf       0x3f CMakeFiles/RESS_LOGGER.dir/Drivers/STM32F4xx_HAL_Driver/Src/stm32f4xx_hal_gpio.c.obj
 .debug_rnglists
                0x000003fe       0xe0 CMakeFiles/RESS_LOGGER.dir/Drivers/STM32F4xx_HAL_Driver/Src/stm32f4xx_hal_cortex.c.obj
 .debug_rnglists
                0x000004de       0xaf CMakeFiles/RESS_LOGGER.dir/Drivers/STM32F4xx_HAL_Driver/Src/stm32f4xx_hal.c.obj
 .debug_rnglists
                0x0000058d      0x125 CMakeFiles/RESS_LOGGER.dir/Drivers/STM32F4xx_HAL_Driver/Src/stm32f4xx_ll_sdmmc.c.obj
 .debug_rnglists
                0x000006b2      0x121 CMakeFiles/RESS_LOGGER.dir/Drivers/STM32F4xx_HAL_Driver/Src/stm32f4xx_hal_sd.c.obj
 .debug_rnglists
                0x000007d3      0x16f CMakeFiles/RESS_LOGGER.dir/Drivers/STM32F4xx_HAL_Driver/Src/stm32f4xx_hal_spi.c.obj
 .debug_rnglists
                0x00000942      0x1bc CMakeFiles/RESS_LOGGER.dir/Drivers/STM32F4xx_HAL_Driver/Src/stm32f4xx_hal_uart.c.obj
 .debug_rnglists
                0x00000afe       0x1a CMakeFiles/RESS_LOGGER.dir/Core/Src/system_stm32f4xx.c.obj
 .debug_rnglists
                0x00000b18       0x19 CMakeFiles/RESS_LOGGER.dir/startup_stm32f407xx.s.obj

.debug_macro    0x00000000    0x21708
 .debug_macro   0x00000000      0x23c CMakeFiles/RESS_LOGGER.dir/Core/Src/main.c.obj
 .debug_macro   0x0000023c      0xad8 CMakeFiles/RESS_LOGGER.dir/Core/Src/main.c.obj
 .debug_macro   0x00000d14      0x2a7 CMakeFiles/RESS_LOGGER.dir/Core/Src/main.c.obj
 .debug_macro   0x00000fbb       0x2e CMakeFiles/RESS_LOGGER.dir/Core/Src/main.c.obj
 .debug_macro   0x00000fe9       0x2f CMakeFiles/RESS_LOGGER.dir/Core/Src/main.c.obj
 .debug_macro   0x00001018       0x22 CMakeFiles/RESS_LOGGER.dir/Core/Src/main.c.obj
 .debug_macro   0x0000103a       0x8e CMakeFiles/RESS_LOGGER.dir/Core/Src/main.c.obj
 .debug_macro   0x000010c8       0x51 CMakeFiles/RESS_LOGGER.dir/Core/Src/main.c.obj
 .debug_macro   0x00001119      0x103 CMakeFiles/RESS_LOGGER.dir/Core/Src/main.c.obj
 .debug_macro   0x0000121c       0x6a CMakeFiles/RESS_LOGGER.dir/Core/Src/main.c.obj
 .debug_macro   0x00001286      0x1df CMakeFiles/RESS_LOGGER.dir/Core/Src/main.c.obj
 .debug_macro   0x00001465       0x1c CMakeFiles/RESS_LOGGER.dir/Core/Src/main.c.obj
 .debug_macro   0x00001481       0x22 CMakeFiles/RESS_LOGGER.dir/Core/Src/main.c.obj
 .debug_macro   0x000014a3       0xfb CMakeFiles/RESS_LOGGER.dir/Core/Src/main.c.obj
 .debug_macro   0x0000159e     0x1011 CMakeFiles/RESS_LOGGER.dir/Core/Src/main.c.obj
 .debug_macro   0x000025af      0x11f CMakeFiles/RESS_LOGGER.dir/Core/Src/main.c.obj
 .debug_macro   0x000026ce    0x15ea5 CMakeFiles/RESS_LOGGER.dir/Core/Src/main.c.obj
 .debug_macro   0x00018573       0x6d CMakeFiles/RESS_LOGGER.dir/Core/Src/main.c.obj
 .debug_macro   0x000185e0     0x3693 CMakeFiles/RESS_LOGGER.dir/Core/Src/main.c.obj
 .debug_macro   0x0001bc73      0x190 CMakeFiles/RESS_LOGGER.dir/Core/Src/main.c.obj
 .debug_macro   0x0001be03       0x5c CMakeFiles/RESS_LOGGER.dir/Core/Src/main.c.obj
 .debug_macro   0x0001be5f      0x980 CMakeFiles/RESS_LOGGER.dir/Core/Src/main.c.obj
 .debug_macro   0x0001c7df      0x9e9 CMakeFiles/RESS_LOGGER.dir/Core/Src/main.c.obj
 .debug_macro   0x0001d1c8      0x115 CMakeFiles/RESS_LOGGER.dir/Core/Src/main.c.obj
 .debug_macro   0x0001d2dd      0x13e CMakeFiles/RESS_LOGGER.dir/Core/Src/main.c.obj
 .debug_macro   0x0001d41b       0xa5 CMakeFiles/RESS_LOGGER.dir/Core/Src/main.c.obj
 .debug_macro   0x0001d4c0      0x174 CMakeFiles/RESS_LOGGER.dir/Core/Src/main.c.obj
 .debug_macro   0x0001d634      0x287 CMakeFiles/RESS_LOGGER.dir/Core/Src/main.c.obj
 .debug_macro   0x0001d8bb       0x5f CMakeFiles/RESS_LOGGER.dir/Core/Src/main.c.obj
 .debug_macro   0x0001d91a      0x236 CMakeFiles/RESS_LOGGER.dir/Core/Src/main.c.obj
 .debug_macro   0x0001db50      0x12c CMakeFiles/RESS_LOGGER.dir/Core/Src/main.c.obj
 .debug_macro   0x0001dc7c      0x21e CMakeFiles/RESS_LOGGER.dir/Core/Src/main.c.obj
 .debug_macro   0x0001de9a       0x2e CMakeFiles/RESS_LOGGER.dir/Core/Src/main.c.obj
 .debug_macro   0x0001dec8      0x1b5 CMakeFiles/RESS_LOGGER.dir/Core/Src/main.c.obj
 .debug_macro   0x0001e07d       0xd6 CMakeFiles/RESS_LOGGER.dir/Core/Src/main.c.obj
 .debug_macro   0x0001e153      0x127 CMakeFiles/RESS_LOGGER.dir/Core/Src/main.c.obj
 .debug_macro   0x0001e27a       0x7e CMakeFiles/RESS_LOGGER.dir/Core/Src/main.c.obj
 .debug_macro   0x0001e2f8       0x89 CMakeFiles/RESS_LOGGER.dir/Core/Src/main.c.obj
 .debug_macro   0x0001e381      0x868 CMakeFiles/RESS_LOGGER.dir/Core/Src/main.c.obj
 .debug_macro   0x0001ebe9      0x1d5 CMakeFiles/RESS_LOGGER.dir/Core/Src/main.c.obj
 .debug_macro   0x0001edbe      0x225 CMakeFiles/RESS_LOGGER.dir/Core/Src/main.c.obj
 .debug_macro   0x0001efe3      0x2aa CMakeFiles/RESS_LOGGER.dir/Core/Src/main.c.obj
 .debug_macro   0x0001f28d      0x12d CMakeFiles/RESS_LOGGER.dir/Core/Src/main.c.obj
 .debug_macro   0x0001f3ba       0x58 CMakeFiles/RESS_LOGGER.dir/Core/Src/main.c.obj
 .debug_macro   0x0001f412      0x210 CMakeFiles/RESS_LOGGER.dir/Core/Src/gpio.c.obj
 .debug_macro   0x0001f622      0x210 CMakeFiles/RESS_LOGGER.dir/Core/Src/i2c.c.obj
 .debug_macro   0x0001f832      0x210 CMakeFiles/RESS_LOGGER.dir/Core/Src/sdio.c.obj
 .debug_macro   0x0001fa42      0x210 CMakeFiles/RESS_LOGGER.dir/Core/Src/spi.c.obj
 .debug_macro   0x0001fc52      0x210 CMakeFiles/RESS_LOGGER.dir/Core/Src/usart.c.obj
 .debug_macro   0x0001fe62      0x210 CMakeFiles/RESS_LOGGER.dir/Core/Src/stm32f4xx_it.c.obj
 .debug_macro   0x00020072      0x206 CMakeFiles/RESS_LOGGER.dir/Core/Src/stm32f4xx_hal_msp.c.obj
 .debug_macro   0x00020278      0x245 CMakeFiles/RESS_LOGGER.dir/Drivers/STM32F4xx_HAL_Driver/Src/stm32f4xx_hal_i2c.c.obj
 .debug_macro   0x000204bd      0x21b CMakeFiles/RESS_LOGGER.dir/Drivers/STM32F4xx_HAL_Driver/Src/stm32f4xx_hal_rcc.c.obj
 .debug_macro   0x000206d8      0x1fd CMakeFiles/RESS_LOGGER.dir/Drivers/STM32F4xx_HAL_Driver/Src/stm32f4xx_hal_gpio.c.obj
 .debug_macro   0x000208d5      0x1f7 CMakeFiles/RESS_LOGGER.dir/Drivers/STM32F4xx_HAL_Driver/Src/stm32f4xx_hal_cortex.c.obj
 .debug_macro   0x00020acc      0x257 CMakeFiles/RESS_LOGGER.dir/Drivers/STM32F4xx_HAL_Driver/Src/stm32f4xx_hal.c.obj
 .debug_macro   0x00020d23      0x1f8 CMakeFiles/RESS_LOGGER.dir/Drivers/STM32F4xx_HAL_Driver/Src/stm32f4xx_ll_sdmmc.c.obj
 .debug_macro   0x00020f1b      0x1f8 CMakeFiles/RESS_LOGGER.dir/Drivers/STM32F4xx_HAL_Driver/Src/stm32f4xx_hal_sd.c.obj
 .debug_macro   0x00021113      0x206 CMakeFiles/RESS_LOGGER.dir/Drivers/STM32F4xx_HAL_Driver/Src/stm32f4xx_hal_spi.c.obj
 .debug_macro   0x00021319      0x1f8 CMakeFiles/RESS_LOGGER.dir/Drivers/STM32F4xx_HAL_Driver/Src/stm32f4xx_hal_uart.c.obj
 .debug_macro   0x00021511      0x1f7 CMakeFiles/RESS_LOGGER.dir/Core/Src/system_stm32f4xx.c.obj

.debug_line     0x00000000    0x114f0
 .debug_line    0x00000000      0x71d CMakeFiles/RESS_LOGGER.dir/Core/Src/main.c.obj
 .debug_line    0x0000071d      0x6c0 CMakeFiles/RESS_LOGGER.dir/Core/Src/gpio.c.obj
 .debug_line    0x00000ddd      0x6de CMakeFiles/RESS_LOGGER.dir/Core/Src/i2c.c.obj
 .debug_line    0x000014bb      0x6fc CMakeFiles/RESS_LOGGER.dir/Core/Src/sdio.c.obj
 .debug_line    0x00001bb7      0x760 CMakeFiles/RESS_LOGGER.dir/Core/Src/spi.c.obj
 .debug_line    0x00002317      0x7b8 CMakeFiles/RESS_LOGGER.dir/Core/Src/usart.c.obj
 .debug_line    0x00002acf      0x71f CMakeFiles/RESS_LOGGER.dir/Core/Src/stm32f4xx_it.c.obj
 .debug_line    0x000031ee      0x670 CMakeFiles/RESS_LOGGER.dir/Core/Src/stm32f4xx_hal_msp.c.obj
 .debug_line    0x0000385e     0x3a0f CMakeFiles/RESS_LOGGER.dir/Drivers/STM32F4xx_HAL_Driver/Src/stm32f4xx_hal_i2c.c.obj
 .debug_line    0x0000726d      0xd71 CMakeFiles/RESS_LOGGER.dir/Drivers/STM32F4xx_HAL_Driver/Src/stm32f4xx_hal_rcc.c.obj
 .debug_line    0x00007fde      0xaba CMakeFiles/RESS_LOGGER.dir/Drivers/STM32F4xx_HAL_Driver/Src/stm32f4xx_hal_gpio.c.obj
 .debug_line    0x00008a98      0xc32 CMakeFiles/RESS_LOGGER.dir/Drivers/STM32F4xx_HAL_Driver/Src/stm32f4xx_hal_cortex.c.obj
 .debug_line    0x000096ca      0x962 CMakeFiles/RESS_LOGGER.dir/Drivers/STM32F4xx_HAL_Driver/Src/stm32f4xx_hal.c.obj
 .debug_line    0x0000a02c      0xee1 CMakeFiles/RESS_LOGGER.dir/Drivers/STM32F4xx_HAL_Driver/Src/stm32f4xx_ll_sdmmc.c.obj
 .debug_line    0x0000af0d     0x1ddc CMakeFiles/RESS_LOGGER.dir/Drivers/STM32F4xx_HAL_Driver/Src/stm32f4xx_hal_sd.c.obj
 .debug_line    0x0000cce9     0x1bfd CMakeFiles/RESS_LOGGER.dir/Drivers/STM32F4xx_HAL_Driver/Src/stm32f4xx_hal_spi.c.obj
 .debug_line    0x0000e8e6     0x24aa CMakeFiles/RESS_LOGGER.dir/Drivers/STM32F4xx_HAL_Driver/Src/stm32f4xx_hal_uart.c.obj
 .debug_line    0x00010d90      0x6e6 CMakeFiles/RESS_LOGGER.dir/Core/Src/system_stm32f4xx.c.obj
 .debug_line    0x00011476       0x7a CMakeFiles/RESS_LOGGER.dir/startup_stm32f407xx.s.obj

.debug_str      0x00000000    0xc8ae8
 .debug_str     0x00000000    0xc8ae8 CMakeFiles/RESS_LOGGER.dir/Core/Src/main.c.obj
                              0xc4920 (size before relaxing)
 .debug_str     0x000c8ae8    0xc4782 CMakeFiles/RESS_LOGGER.dir/Core/Src/gpio.c.obj
 .debug_str     0x000c8ae8    0xc4cb1 CMakeFiles/RESS_LOGGER.dir/Core/Src/i2c.c.obj
 .debug_str     0x000c8ae8    0xc4c87 CMakeFiles/RESS_LOGGER.dir/Core/Src/sdio.c.obj
 .debug_str     0x000c8ae8    0xc4c21 CMakeFiles/RESS_LOGGER.dir/Core/Src/spi.c.obj
 .debug_str     0x000c8ae8    0xc4c75 CMakeFiles/RESS_LOGGER.dir/Core/Src/usart.c.obj
 .debug_str     0x000c8ae8    0xc463d CMakeFiles/RESS_LOGGER.dir/Core/Src/stm32f4xx_it.c.obj
 .debug_str     0x000c8ae8    0xc46b7 CMakeFiles/RESS_LOGGER.dir/Core/Src/stm32f4xx_hal_msp.c.obj
 .debug_str     0x000c8ae8    0xc5613 CMakeFiles/RESS_LOGGER.dir/Drivers/STM32F4xx_HAL_Driver/Src/stm32f4xx_hal_i2c.c.obj
 .debug_str     0x000c8ae8    0xc4a29 CMakeFiles/RESS_LOGGER.dir/Drivers/STM32F4xx_HAL_Driver/Src/stm32f4xx_hal_rcc.c.obj
 .debug_str     0x000c8ae8    0xc4770 CMakeFiles/RESS_LOGGER.dir/Drivers/STM32F4xx_HAL_Driver/Src/stm32f4xx_hal_gpio.c.obj
 .debug_str     0x000c8ae8    0xc4ef5 CMakeFiles/RESS_LOGGER.dir/Drivers/STM32F4xx_HAL_Driver/Src/stm32f4xx_hal_cortex.c.obj
 .debug_str     0x000c8ae8    0xc5179 CMakeFiles/RESS_LOGGER.dir/Drivers/STM32F4xx_HAL_Driver/Src/stm32f4xx_hal.c.obj
 .debug_str     0x000c8ae8    0xc4a7c CMakeFiles/RESS_LOGGER.dir/Drivers/STM32F4xx_HAL_Driver/Src/stm32f4xx_ll_sdmmc.c.obj
 .debug_str     0x000c8ae8    0xc536e CMakeFiles/RESS_LOGGER.dir/Drivers/STM32F4xx_HAL_Driver/Src/stm32f4xx_hal_sd.c.obj
 .debug_str     0x000c8ae8    0xc4eb3 CMakeFiles/RESS_LOGGER.dir/Drivers/STM32F4xx_HAL_Driver/Src/stm32f4xx_hal_spi.c.obj
 .debug_str     0x000c8ae8    0xc500a CMakeFiles/RESS_LOGGER.dir/Drivers/STM32F4xx_HAL_Driver/Src/stm32f4xx_hal_uart.c.obj
 .debug_str     0x000c8ae8    0xc45f5 CMakeFiles/RESS_LOGGER.dir/Core/Src/system_stm32f4xx.c.obj
 .debug_str     0x000c8ae8       0x94 CMakeFiles/RESS_LOGGER.dir/startup_stm32f407xx.s.obj

.debug_line_str
                0x00000000      0x14d
 .debug_line_str
                0x00000000      0x14d CMakeFiles/RESS_LOGGER.dir/startup_stm32f407xx.s.obj
                                 0x78 (size before relaxing)
 .debug_line_str
                0x0000014d       0xc9 C:/PROGRA~2/Arm GNU Toolchain arm-none-eabi/14.2 rel1/bin/../lib/gcc/arm-none-eabi/14.2.1/thumb/v7e-m+fp/hard\libgcc.a(_aeabi_uldivmod.o)
 .debug_line_str
                0x0000014d       0xcd C:/PROGRA~2/Arm GNU Toolchain arm-none-eabi/14.2 rel1/bin/../lib/gcc/arm-none-eabi/14.2.1/thumb/v7e-m+fp/hard\libgcc.a(_dvmd_tls.o)
